2026-01-13 13:38:15 [main] INFO  Log - Starting WebDriver...
2026-01-13 13:38:19 [main] INFO  Log - Navitaging to URL...
2026-01-13 13:38:21 [main] INFO  Log - Strating LoginTest...
2026-01-13 13:38:21 [main] INFO  Log - Adding Creds....
2026-01-13 13:38:21 [main] INFO  Log - Clicking Login Button..
2026-01-13 13:38:21 [main] INFO  Log - Verifying Page title...
2026-01-13 13:38:21 [main] INFO  Log - Closing the Browser....
2026-01-14 11:30:50 [main] INFO  Log - Starting WebDriver...
2026-01-14 11:30:56 [main] INFO  Log - Navitaging to URL...
2026-01-14 11:30:58 [main] INFO  Log - Strating LoginTest...
2026-01-14 11:30:58 [main] INFO  Log - Adding Creds....
2026-01-14 11:30:59 [main] INFO  Log - Clicking Login Button..
2026-01-14 11:30:59 [main] INFO  Log - Verifying Page title...
2026-01-14 11:30:59 [main] INFO  Log - Closing the Browser....
2026-01-14 11:31:56 [main] INFO  Log - Starting WebDriver...
2026-01-14 11:31:59 [main] INFO  Log - Navitaging to URL...
2026-01-14 11:32:00 [main] INFO  Log - Strating LoginTest...
2026-01-14 11:32:00 [main] INFO  Log - Adding Creds....
2026-01-14 11:32:01 [main] INFO  Log - Clicking Login Button..
2026-01-14 11:32:01 [main] INFO  Log - Verifying Page title...
2026-01-14 11:32:01 [main] INFO  Log - Closing the Browser....
2026-01-14 12:06:30 [main] INFO  Log - Starting WebDriver...
2026-01-14 12:06:34 [main] INFO  Log - Navitaging to URL...
2026-01-14 12:06:36 [main] INFO  Log - Strating LoginTest...
2026-01-14 12:06:36 [main] INFO  Log - Adding Creds....
2026-01-14 12:06:37 [main] INFO  Log - Clicking Login Button..
2026-01-14 12:06:37 [main] INFO  Log - Verifying Page title...
2026-01-14 12:06:38 [main] INFO  Log - Closing the Browser....
2026-01-14 12:10:44 [main] INFO  Log - Starting WebDriver...
2026-01-14 12:10:49 [main] INFO  Log - Navitaging to URL...
2026-01-14 12:10:49 [main] INFO  Log - Strating LoginTest...
2026-01-14 12:10:49 [main] INFO  Log - Adding Creds....
2026-01-14 12:10:51 [main] INFO  Log - Clicking Login Button..
2026-01-14 12:10:51 [main] INFO  Log - Verifying Page title...
2026-01-14 12:10:52 [main] INFO  Log - Closing the Browser....
2026-01-14 12:15:13 [main] INFO  Log - Starting WebDriver...
2026-01-14 12:15:17 [main] INFO  Log - Navitaging to URL...
2026-01-14 12:15:19 [main] INFO  Log - Strating LoginTest...
2026-01-14 12:15:19 [main] INFO  Log - Adding Creds....
2026-01-14 12:15:19 [main] INFO  Log - Clicking Login Button..
2026-01-14 12:15:19 [main] INFO  Log - Verifying Page title...
2026-01-14 12:15:20 [main] INFO  Log - Closing the Browser....
2026-01-14 12:15:20 [main] INFO  Log - Starting WebDriver...
2026-01-14 12:15:23 [main] INFO  Log - Navitaging to URL...
2026-01-14 12:15:25 [main] INFO  Log - Strating LoginTest...
2026-01-14 12:15:25 [main] INFO  Log - Adding Creds....
2026-01-14 12:15:25 [main] INFO  Log - Clicking Login Button..
2026-01-14 12:15:26 [main] INFO  Log - Verifying Page title...
2026-01-14 12:15:26 [main] INFO  Log - Closing the Browser....
2026-01-14 12:16:41 [main] INFO  Log - Starting WebDriver...
2026-01-14 12:16:45 [main] INFO  Log - Navitaging to URL...
2026-01-14 12:16:47 [main] INFO  Log - Strating LoginTest...
2026-01-14 12:16:47 [main] INFO  Log - Adding Creds....
2026-01-14 12:16:47 [main] INFO  Log - Clicking Login Button..
2026-01-14 12:16:47 [main] INFO  Log - Verifying Page title...
2026-01-14 12:16:47 [main] INFO  Log - Closing the Browser....
2026-01-14 12:16:48 [main] INFO  Log - Starting WebDriver...
2026-01-14 12:16:51 [main] INFO  Log - Navitaging to URL...
2026-01-14 12:16:52 [main] INFO  Log - Strating LoginTest...
2026-01-14 12:16:52 [main] INFO  Log - Adding Creds....
2026-01-14 12:16:53 [main] INFO  Log - Clicking Login Button..
2026-01-14 12:16:53 [main] INFO  Log - Verifying Page title...
2026-01-14 12:16:53 [main] INFO  Log - Closing the Browser....
